Nov 10 04:02:08 hostname123 syslogd 1.4.1: restart.
Nov 10 04:05:55 hostname123 su(pam_unix)[15181]: session opened for user news by (uid=0)
Nov 10 04:05:55 hostname123 su(pam_unix)[15181]: session closed for user news
Nov 11 04:06:09 hostname123 su(pam_unix)[32640]: session opened for user news by (uid=0)
Nov 11 04:06:10 hostname123 su(pam_unix)[32640]: session closed for user news
Nov 11 16:37:24 hostname123 sshd[2721]: Did not receive identification string from 6x.x44.180.27
Nov 11 16:37:29 hostname123 sshd[2723]: Did not receive identification string from 6x.x44.180.27
Nov 11 16:37:29 hostname123 sshd[2722]: Did not receive identification string from 6x.x44.180.27
Nov 12 04:05:48 hostname123 su(pam_unix)[5421]: session opened for user news by (uid=0)
Nov 12 04:05:48 hostname123 su(pam_unix)[5421]: session closed for user news
Nov 13 04:05:46 hostname123 su(pam_unix)[10635]: session opened for user news by (uid=0)
Nov 13 04:05:46 hostname123 su(pam_unix)[10635]: session closed for user news
Nov 13 20:08:33 hostname123 login(pam_unix)[1069]: bad username [  ]
Nov 13 20:08:33 hostname123 login[1069]: FAILED LOGIN 1 FROM (null) FOR   , Authentication failure
Nov 13 20:08:33 hostname123 login(pam_unix)[1069]: bad username []
Nov 13 20:08:33 hostname123 login[1069]: FAILED LOGIN 2 FROM (null) FOR , Authentication failure
Nov 13 20:08:39 hostname123 login(pam_unix)[1069]: authentication failure; logname=LOGIN uid=0 euid=0 tty=tty1 ruser= rhost=  user=root
Nov 13 20:08:41 hostname123 login[1069]: FAILED LOGIN 3 FROM (null) FOR root, Authentication failure
Nov 13 20:08:49 hostname123 login(pam_unix)[1069]: session opened for user root by LOGIN(uid=0)
Nov 13 20:08:49 hostname123  -- root[1069]: ROOT LOGIN ON tty1
Nov 13 20:14:14 hostname123 shutdown: shutting down for system halt
Nov 13 20:14:15 hostname123 init: Switching to runlevel: 0
Nov 13 20:14:15 hostname123 login(pam_unix)[1069]: session closed for user root
Nov 13 20:14:17 hostname123 atd: atd shutdown succeeded
Nov 13 20:14:17 hostname123 Font Server[976]: terminating 
Nov 13 20:14:18 hostname123 xfs: xfs shutdown succeeded
Nov 13 20:14:19 hostname123 gpm: gpm shutdown succeeded
Nov 13 20:14:19 hostname123 squid: Stopping squid: 
Nov 13 20:14:21 hostname123 squid: .
Nov 13 20:14:50 hostname123 last message repeated 14 times
Nov 13 20:14:51 hostname123 squid[1045]: Squid Parent: child process 1047 exited with status 0
Nov 13 20:14:52 hostname123 squid: 
Nov 13 20:14:52 hostname123 rc: Stopping squid:  succeeded
Nov 13 20:14:52 hostname123 sshd: sshd -TERM succeeded
Nov 13 20:14:53 hostname123 sshd[853]: Received signal 15; terminating.
Nov 13 20:14:53 hostname123 xinetd[886]: Exiting...
Nov 13 20:14:53 hostname123 xinetd: xinetd shutdown succeeded
Nov 13 20:14:53 hostname123 crond: crond shutdown succeeded
Nov 13 20:14:54 hostname123 dd: 1+0 records in
Nov 13 20:14:54 hostname123 dd: 1+0 records out
Nov 13 20:14:54 hostname123 random: Saving random seed:  succeeded
Nov 13 20:14:54 hostname123 kernel: Kernel logging (proc) stopped.
Nov 13 20:14:54 hostname123 kernel: Kernel log daemon terminating.
Nov 13 20:14:55 hostname123 syslog: klogd shutdown succeeded
Nov 13 20:14:55 hostname123 exiting on signal 15
Nov 13 20:17:02 hostname123 syslogd 1.4.1: restart.
Nov 13 20:17:03 hostname123 syslog: syslogd startup succeeded
Nov 13 20:17:03 hostname123 syslog: klogd startup succeeded
Nov 13 20:17:03 hostname123 kernel: klogd 1.4.1, log source = /proc/kmsg started.
Nov 13 20:17:03 hostname123 kernel: Linux version 2.4.18-3 (bhcompile@daffy.perf.redhat.com) (gcc version 2.96 20000731 (Red Hat Linux 7.3 2.96-110)) #1 Thu Apr 18 07:37:53 EDT 2002
Nov 13 20:17:03 hostname123 kernel: BIOS-provided physical RAM map:
Nov 13 20:17:03 hostname123 kernel:  BIOS-e820: 0000000000000000 - 000000000009f800 (usable)
Nov 13 20:17:03 hostname123 kernel:  BIOS-e820: 000000000009f800 - 00000000000a0000 (reserved)
Nov 13 20:17:03 hostname123 kernel:  BIOS-e820: 00000000000e0000 - 0000000000100000 (reserved)
Nov 13 20:17:03 hostname123 kernel:  BIOS-e820: 0000000000100000 - 0000000010000000 (usable)
Nov 13 20:17:03 hostname123 kernel:  BIOS-e820: 00000000fff80000 - 0000000100000000 (reserved)
Nov 13 20:17:03 hostname123 kernel: On node 0 totalpages: 65536
Nov 13 20:17:03 hostname123 kernel: zone(0): 4096 pages.
Nov 13 20:17:03 hostname123 kernel: zone(1): 61440 pages.
Nov 13 20:17:03 hostname123 kernel: zone(2): 0 pages.
Nov 13 20:17:03 hostname123 kernel: Kernel command line: ro root=/dev/hda5
Nov 13 20:17:03 hostname123 kernel: Initializing CPU#0
Nov 13 20:17:03 hostname123 kernel: Detected 233.292 MHz processor.
Nov 13 20:17:03 hostname123 kernel: Console: colour VGA+ 80x25
Nov 13 20:17:03 hostname123 kernel: Calibrating delay loop... 465.30 BogoMIPS
Nov 13 20:17:03 hostname123 kernel: Memory: 255504k/262144k available (1119k kernel code, 6252k reserved, 775k data, 280k init, 0k highmem)
Nov 13 20:17:03 hostname123 kernel: Dentry cache hash table entries: 32768 (order: 6, 262144 bytes)
Nov 13 20:17:03 hostname123 kernel: Inode cache hash table entries: 16384 (order: 5, 131072 bytes)
Nov 13 20:17:03 hostname123 kernel: Mount-cache hash table entries: 4096 (order: 3, 32768 bytes)
Nov 13 20:17:03 hostname123 kernel: Buffer cache hash table entries: 16384 (order: 4, 65536 bytes)
Nov 13 20:17:03 hostname123 kernel: Page-cache hash table entries: 65536 (order: 6, 262144 bytes)
Nov 13 20:17:03 hostname123 kernel: CPU: L1 I cache: 16K, L1 D cache: 16K
Nov 13 20:17:03 hostname123 kernel: CPU: L2 cache: 512K
Nov 13 20:17:03 hostname123 kernel: Intel machine check architecture supported.
Nov 13 20:17:03 hostname123 keytable: Loading keymap:  succeeded
Nov 13 20:17:03 hostname123 kernel: Intel machine check reporting enabled on CPU#0.
Nov 13 20:17:03 hostname123 kernel: CPU: Intel Pentium II (Klamath) stepping 04
Nov 13 20:17:03 hostname123 kernel: Checking 'hlt' instruction... OK.
Nov 13 20:17:03 hostname123 kernel: POSIX conformance testing by UNIFIX
Nov 13 20:17:03 hostname123 kernel: mtrr: v1.40 (20010327) Richard Gooch (rgooch@atnf.csiro.au)
Nov 13 20:17:03 hostname123 kernel: mtrr: detected mtrr type: Intel
Nov 13 20:17:03 hostname123 kernel: PCI: PCI BIOS revision 2.10 entry at 0xfd9b3, last bus=1
Nov 13 20:17:03 hostname123 kernel: PCI: Using configuration type 1
Nov 13 20:17:03 hostname123 kernel: PCI: Probing PCI hardware
Nov 13 20:17:03 hostname123 kernel: Unknown bridge resource 0: assuming transparent
Nov 13 20:17:03 hostname123 kernel: Unknown bridge resource 1: assuming transparent
Nov 13 20:17:03 hostname123 kernel: Unknown bridge resource 2: assuming transparent
Nov 13 20:17:03 hostname123 kernel: PCI: Using IRQ router PIIX [8086/7110] at 00:07.0
Nov 13 20:17:03 hostname123 kernel: Limiting direct PCI/PCI transfers.
Nov 13 20:17:03 hostname123 kernel: isapnp: Scanning for PnP cards...
Nov 13 20:17:03 hostname123 kernel: isapnp: No Plug & Play device found
Nov 13 20:17:03 hostname123 kernel: Linux NET4.0 for Linux 2.4
Nov 13 20:17:03 hostname123 keytable: Loading system font:  succeeded
Nov 13 20:17:03 hostname123 kernel: Based upon Swansea University Computer Society NET3.039
Nov 13 20:17:03 hostname123 kernel: Initializing RT netlink socket
Nov 13 20:17:03 hostname123 kernel: apm: BIOS version 1.2 Flags 0x03 (Driver version 1.16)
Nov 13 20:17:03 hostname123 kernel: Starting kswapd
Nov 13 20:17:03 hostname123 kernel: VFS: Diskquotas version dquot_6.5.0 initialized
Nov 13 20:17:03 hostname123 kernel: Detected PS/2 Mouse Port.
Nov 13 20:17:03 hostname123 kernel: pty: 2048 Unix98 ptys configured
Nov 13 20:17:03 hostname123 kernel: Serial driver version 5.05c (2001-07-08) with MANY_PORTS MULTIPORT SHARE_IRQ SERIAL_PCI ISAPNP enabled
Nov 13 20:17:03 hostname123 kernel: ttyS00 at 0x03f8 (irq = 4) is a 16550A
Nov 13 20:17:04 hostname123 kernel: Real Time Clock Driver v1.10e
Nov 13 20:17:04 hostname123 kernel: block: 496 slots per queue, batch=124
Nov 13 20:17:04 hostname123 kernel: Uniform Multi-Platform E-IDE driver Revision: 6.31
Nov 13 20:17:04 hostname123 kernel: ide: Assuming 33MHz system bus speed for PIO modes; override with idebus=xx
Nov 13 20:17:04 hostname123 kernel: PIIX4: IDE controller on PCI bus 00 dev 39
Nov 13 20:17:04 hostname123 kernel: PIIX4: chipset revision 1
Nov 13 20:17:04 hostname123 random: Init
