Nov  3 04:02:07 hostname123 syslogd 1.4.1: restart.
Nov  3 04:05:43 hostname123 su(pam_unix)[7514]: session opened for user news by (uid=0)
Nov  3 04:05:44 hostname123 su(pam_unix)[7514]: session closed for user news
Nov  4 04:06:02 hostname123 su(pam_unix)[24844]: session opened for user news by (uid=0)
Nov  4 04:06:03 hostname123 su(pam_unix)[24844]: session closed for user news
Nov  4 17:06:02 hostname123 sshd(pam_unix)[27479]: authentication failure; logname= uid=0 euid=0 tty=NODEVssh ruser= rhost=acs1100000055.gsfc.nasa.gov  user=root
Nov  4 17:06:04 hostname123 sshd[27479]: Failed password for root from 1xx.183.221.214 port 1761 ssh2
Nov  4 17:06:10 hostname123 sshd[27479]: Accepted password for root from 1xx.183.221.214 port 1761 ssh2
Nov  4 17:06:10 hostname123 sshd(pam_unix)[27479]: session opened for user root by (uid=0)
Nov  4 17:07:05 hostname123 squid[20248]: Squid Parent: child process 20250 exited with status 0
Nov  4 17:07:11 hostname123 squid[27608]: Squid Parent: child process 27610 started
Nov  4 17:08:23 hostname123 sshd(pam_unix)[27479]: session closed for user root
Nov  4 17:13:07 hostname123 sshd[27630]: Accepted password for root from 1xx.183.221.214 port 1762 ssh2
Nov  4 17:13:07 hostname123 sshd(pam_unix)[27630]: session opened for user root by (uid=0)
Nov  4 17:41:27 hostname123 sshd[27630]: Received disconnect from 1xx.183.221.214: 11: Disconnect requested by Windows SSH Client.
Nov  4 17:41:27 hostname123 sshd(pam_unix)[27630]: session closed for user root
Nov  5 04:05:32 hostname123 su(pam_unix)[30254]: session opened for user news by (uid=0)
Nov  5 04:05:32 hostname123 su(pam_unix)[30254]: session closed for user news
Nov  5 18:56:00 hostname123 sshd[782]: Did not receive identification string from 212.xx.13.130
Nov  5 18:56:00 hostname123 sshd[783]: Did not receive identification string from 212.xx.13.130
Nov  5 18:56:00 hostname123 sshd[781]: Did not receive identification string from 212.xx.13.130
Nov  6 04:05:32 hostname123 su(pam_unix)[3006]: session opened for user news by (uid=0)
Nov  6 04:05:33 hostname123 su(pam_unix)[3006]: session closed for user news
Nov  7 13:11:09 hostname123 syslogd 1.4.1: restart.
Nov  7 13:11:09 hostname123 syslog: syslogd startup succeeded
Nov  7 13:11:09 hostname123 syslog: klogd startup succeeded
Nov  7 13:11:09 hostname123 kernel: klogd 1.4.1, log source = /proc/kmsg started.
Nov  7 13:11:09 hostname123 kernel: Linux version 2.4.18-3 (bhcompile@daffy.perf.redhat.com) (gcc version 2.96 20000731 (Red Hat Linux 7.3 2.96-110)) #1 Thu Apr 18 07:37:53 EDT 2002
Nov  7 13:11:09 hostname123 kernel: BIOS-provided physical RAM map:
Nov  7 13:11:09 hostname123 kernel:  BIOS-e820: 0000000000000000 - 000000000009f800 (usable)
Nov  7 13:11:09 hostname123 kernel:  BIOS-e820: 000000000009f800 - 00000000000a0000 (reserved)
Nov  7 13:11:09 hostname123 kernel:  BIOS-e820: 00000000000e0000 - 0000000000100000 (reserved)
Nov  7 13:11:09 hostname123 kernel:  BIOS-e820: 0000000000100000 - 0000000010000000 (usable)
Nov  7 13:11:09 hostname123 kernel:  BIOS-e820: 00000000fff80000 - 0000000100000000 (reserved)
Nov  7 13:11:09 hostname123 kernel: On node 0 totalpages: 65536
Nov  7 13:11:09 hostname123 kernel: zone(0): 4096 pages.
Nov  7 13:11:09 hostname123 kernel: zone(1): 61440 pages.
Nov  7 13:11:09 hostname123 kernel: zone(2): 0 pages.
Nov  7 13:11:09 hostname123 kernel: Kernel command line: ro root=/dev/hda5
Nov  7 13:11:09 hostname123 kernel: Initializing CPU#0
Nov  7 13:11:09 hostname123 kernel: Detected 233.294 MHz processor.
Nov  7 13:11:09 hostname123 kernel: Console: colour VGA+ 80x25
Nov  7 13:11:09 hostname123 kernel: Calibrating delay loop... 465.30 BogoMIPS
Nov  7 13:11:09 hostname123 kernel: Memory: 255504k/262144k available (1119k kernel code, 6252k reserved, 775k data, 280k init, 0k highmem)
Nov  7 13:11:09 hostname123 kernel: Dentry cache hash table entries: 32768 (order: 6, 262144 bytes)
Nov  7 13:11:09 hostname123 kernel: Inode cache hash table entries: 16384 (order: 5, 131072 bytes)
Nov  7 13:11:09 hostname123 kernel: Mount-cache hash table entries: 4096 (order: 3, 32768 bytes)
Nov  7 13:11:09 hostname123 kernel: Buffer cache hash table entries: 16384 (order: 4, 65536 bytes)
Nov  7 13:11:09 hostname123 kernel: Page-cache hash table entries: 65536 (order: 6, 262144 bytes)
Nov  7 13:11:09 hostname123 kernel: CPU: L1 I cache: 16K, L1 D cache: 16K
Nov  7 13:11:09 hostname123 kernel: CPU: L2 cache: 512K
Nov  7 13:11:09 hostname123 kernel: Intel machine check architecture supported.
Nov  7 13:11:09 hostname123 keytable: Loading keymap:  succeeded
Nov  7 13:11:09 hostname123 kernel: Intel machine check reporting enabled on CPU#0.
Nov  7 13:11:09 hostname123 kernel: CPU: Intel Pentium II (Klamath) stepping 04
Nov  7 13:11:09 hostname123 kernel: Checking 'hlt' instruction... OK.
Nov  7 13:11:09 hostname123 kernel: POSIX conformance testing by UNIFIX
Nov  7 13:11:09 hostname123 kernel: mtrr: v1.40 (20010327) Richard Gooch (rgooch@atnf.csiro.au)
Nov  7 13:11:09 hostname123 kernel: mtrr: detected mtrr type: Intel
Nov  7 13:11:09 hostname123 kernel: PCI: PCI BIOS revision 2.10 entry at 0xfd9b3, last bus=1
Nov  7 13:11:09 hostname123 kernel: PCI: Using configuration type 1
Nov  7 13:11:09 hostname123 kernel: PCI: Probing PCI hardware
Nov  7 13:11:09 hostname123 keytable: Loading system font:  succeeded
Nov  7 13:11:09 hostname123 kernel: Unknown bridge resource 0: assuming transparent
Nov  7 13:11:10 hostname123 kernel: Unknown bridge resource 1: assuming transparent
Nov  7 13:11:10 hostname123 kernel: Unknown bridge resource 2: assuming transparent
Nov  7 13:11:10 hostname123 kernel: PCI: Using IRQ router PIIX [8086/7110] at 00:07.0
Nov  7 13:11:10 hostname123 kernel: Limiting direct PCI/PCI transfers.
Nov  7 13:11:10 hostname123 kernel: isapnp: Scanning for PnP cards...
Nov  7 13:11:10 hostname123 kernel: isapnp: No Plug & Play device found
Nov  7 13:11:10 hostname123 kernel: Linux NET4.0 for Linux 2.4
Nov  7 13:11:10 hostname123 kernel: Based upon Swansea University Computer Society NET3.039
Nov  7 13:11:10 hostname123 kernel: Initializing RT netlink socket
Nov  7 13:11:10 hostname123 kernel: apm: BIOS version 1.2 Flags 0x03 (Driver version 1.16)
Nov  7 13:11:10 hostname123 kernel: Starting kswapd
Nov  7 13:11:10 hostname123 kernel: VFS: Diskquotas version dquot_6.5.0 initialized
Nov  7 13:11:10 hostname123 kernel: Detected PS/2 Mouse Port.
Nov  7 13:11:10 hostname123 kernel: pty: 2048 Unix98 ptys configured
Nov  7 13:11:10 hostname123 kernel: Serial driver version 5.05c (2001-07-08) with MANY_PORTS MULTIPORT SHARE_IRQ SERIAL_PCI ISAPNP enabled
Nov  7 13:11:10 hostname123 kernel: ttyS00 at 0x03f8 (irq = 4) is a 16550A
Nov  7 13:11:10 hostname123 random: Initializing random number generator:  succeeded
Nov  7 13:11:10 hostname123 kernel: Real Time Clock Driver v1.10e
Nov  7 13:11:10 hostname123 kernel: block: 496 slots per queue, batch=124
Nov  7 13:11:10 hostname123 kernel: Uniform Multi-Platform E-IDE driver Revision: 6.31
Nov  7 13:11:10 hostname123 kernel: ide: Assuming 33MHz system bus speed for PIO modes; override with idebus=xx
Nov  7 13:11:10 hostname123 kernel: PIIX4: IDE controller on PCI bus 00 dev 39
Nov  7 13:11:10 hostname123 kernel: PIIX4: chipset revision 1
Nov  7 13:11:10 hostname123 kernel: PIIX4: not 100%% native mode: will probe irqs later
Nov  7 13:11:10 hostname123 kernel:     ide0: BM-DMA at 0x14c0-0x14c7, BIOS settings: hda:DMA, hdb:pio
Nov  7 13:11:10 hostname123 kernel:     ide1: BM-DMA at 0x14c8-0x14cf, BIOS settings: hdc:DMA, hdd:pio
Nov  7 13:11:10 hostname123 kernel: hda: QUANTUM FIREBALL SE6.4A, ATA DISK drive
Nov  7 13:11:10 hostname123 kernel: hdc: TOSHIBA CD-ROM XM-6202B, ATAPI CD/DVD-ROM drive
Nov  7 13:11:10 hostname123 kernel: ide0 at 0x1f0-0x1f7,0x3f6 on irq 14
Nov  7 13:11:10 hostname123 kernel: ide1 at 0x170-0x177,0x376 on irq 15
Nov  7 13:11:10 hostname123 kernel: blk: queue c035e6a4, I/O limit 4095Mb (mask 0xffffffff)
Nov  7 13:11:10 hostname123 kernel: hda: 12594960 sectors (6449 MB) w/80KiB Cache, CHS=784/255/63, UDMA(33)
Nov  7 13:11:10 hostname123 kernel: ide-floppy driver 0.99.newide
Nov  7 13:11:10 hostname123 kernel: Partition check:
Nov  7 13:11:10 hostname123 kernel:  hda: hda1 hda2 hda3 hda4 < hda5 hda6 hda7 >
Nov  7 13:11:10 hostname
